
> ffb_records@0.1.0 build
> react-scripts build

Creating an optimized production build...
node.exe : Browserslist: browsers data (caniuse-lite) is 9 months old. Please 
run:
At C:\nvm4w\nodejs\npm.ps1:29 char:3
+   & $NODE_EXE $NPM_CLI_JS $args
+   ~~~~~~~~~~~~~~~~~~~~~~~~~~~~~
    + CategoryInfo          : NotSpecified: (Browserslist: b...ld. Please run: 
   :String) [], RemoteException
    + FullyQualifiedErrorId : NativeCommandError
 
  npx update-browserslist-db@latest
  Why you should do it regularly: 
https://github.com/browserslist/update-db#readme
Browserslist: browsers data (caniuse-lite) is 9 months old. Please run:
  npx update-browserslist-db@latest
  Why you should do it regularly: 
https://github.com/browserslist/update-db#readme
Compiled with warnings.

[eslint] 
src\App.js
  Line 58:13:  'setFa' is assigned a value but never used                                                                                                                 no-unused-vars
  Line 181:5:  React Hook useEffect has missing dependencies: 'raw' and 'vars'. Either include them or remove the dependency array                                        react-hooks/exhaustive-deps
  Line 200:5:  React Hook useEffect has missing dependencies: 'proj' and 'vars'. Either include them or remove the dependency array                                       react-hooks/exhaustive-deps
  Line 229:5:  React Hook useEffect has missing dependencies: 'currentYear', 'didMount', 'fa', 'vars', and 'yearMin'. Either include them or remove the dependency array  react-hooks/exhaustive-deps

src\tools\calculations\compareRecords.js
  Line 7:11:    'input' is assigned a value but never used  no-unused-vars
  Line 17:20:   Expected '===' and instead saw '=='         eqeqeq
  Line 18:20:   Expected '===' and instead saw '=='         eqeqeq
  Line 19:20:   Expected '===' and instead saw '=='         eqeqeq
  Line 20:20:   Expected '===' and instead saw '=='         eqeqeq
  Line 21:20:   Expected '===' and instead saw '=='         eqeqeq
  Line 22:20:   Expected '===' and instead saw '=='         eqeqeq
  Line 29:61:   Expected '===' and instead saw '=='         eqeqeq
  Line 30:67:   Expected '===' and instead saw '=='         eqeqeq
  Line 38:103:  Expected '===' and instead saw '=='         eqeqeq
  Line 40:88:   Expected '===' and instead saw '=='         eqeqeq
  Line 46:103:  Expected '===' and instead saw '=='         eqeqeq
  Line 52:92:   Expected '===' and instead saw '=='         eqeqeq
  Line 76:27:   Expected '===' and instead saw '=='         eqeqeq
  Line 92:29:   Expected '!==' and instead saw '!='         eqeqeq
  Line 108:35:  Expected '!==' and instead saw '!='         eqeqeq

src\tools\calculations\draft\draftStats.js
  Line 56:49:  Expected '===' and instead saw '=='              eqeqeq
  Line 72:50:  Expected '===' and instead saw '=='              eqeqeq
  Line 73:55:  Expected '===' and instead saw '=='              eqeqeq
  Line 74:55:  Expected '===' and instead saw '=='              eqeqeq
  Line 75:55:  Expected '===' and instead saw '=='              eqeqeq
  Line 75:88:  Expected '===' and instead saw '=='              eqeqeq
  Line 76:55:  Expected '===' and instead saw '=='              eqeqeq
  Line 84:31:  'statsLines' is assigned a value but never used  no-unused-vars

src\tools\calculations\getRecords.js
  Line 31:18:  Expected '!==' and instead saw '!='  eqeqeq
  Line 32:18:  Expected '===' and instead saw '=='  eqeqeq
  Line 32:34:  Expected '===' and instead saw '=='  eqeqeq

src\tools\calculations\other.js
  Line 36:14:   Expected '!==' and instead saw '!='            eqeqeq
  Line 36:27:   Expected '!==' and instead saw '!='            eqeqeq
  Line 46:22:   Expected '===' and instead saw '=='            eqeqeq
  Line 49:38:   Expected '===' and instead saw '=='            eqeqeq
  Line 52:28:   Expected '===' and instead saw '=='            eqeqeq
  Line 60:14:   Expected '===' and instead saw '=='            eqeqeq
  Line 62:14:   Expected '!==' and instead saw '!='            eqeqeq
  Line 79:35:   Expected '===' and instead saw '=='            eqeqeq
  Line 97:18:   Expected '===' and instead saw '=='            eqeqeq
  Line 114:9:   'variance' is assigned a value but never used  no-unused-vars
  Line 123:20:  Expected '!==' and instead saw '!='            eqeqeq
  Line 124:31:  Expected '!==' and instead saw '!='            eqeqeq
  Line 124:46:  Expected '!==' and instead saw '!='            eqeqeq
  Line 124:64:  Expected '!==' and instead saw '!='            eqeqeq
  Line 133:21:  Expected '===' and instead saw '=='            eqeqeq
  Line 141:20:  Expected '!==' and instead saw '!='            eqeqeq
  Line 142:35:  Expected '===' and instead saw '=='            eqeqeq
  Line 142:54:  Expected '!==' and instead saw '!='            eqeqeq
  Line 142:69:  Expected '!==' and instead saw '!='            eqeqeq
  Line 142:87:  Expected '!==' and instead saw '!='            eqeqeq
  Line 152:25:  Expected '===' and instead saw '=='            eqeqeq
  Line 177:12:  Expected '!==' and instead saw '!='            eqeqeq
  Line 202:10:  Expected '!==' and instead saw '!='            eqeqeq
  Line 203:14:  Expected '!==' and instead saw '!='            eqeqeq
  Line 203:29:  Expected '!==' and instead saw '!='            eqeqeq
  Line 232:12:  Expected '!==' and instead saw '!='            eqeqeq

src\tools\calculations\player\getPlayerStats.js
  Line 38:59:    'nflTeam' is assigned a value but never used      no-unused-vars
  Line 41:24:    Expected '===' and instead saw '=='               eqeqeq
  Line 54:28:    Expected '!==' and instead saw '!='               eqeqeq
  Line 54:53:    Expected '!==' and instead saw '!='               eqeqeq
  Line 60:26:    Expected '!==' and instead saw '!='               eqeqeq
  Line 60:47:    Expected '!==' and instead saw '!='               eqeqeq
  Line 61:55:    Expected '===' and instead saw '=='               eqeqeq
  Line 62:70:    Expected '===' and instead saw '=='               eqeqeq
  Line 65:34:    Expected '===' and instead saw '=='               eqeqeq
  Line 69:65:    Expected '===' and instead saw '=='               eqeqeq
  Line 71:66:    Expected '===' and instead saw '=='               eqeqeq
  Line 71:89:    Expected '!==' and instead saw '!='               eqeqeq
  Line 71:112:   Expected '!==' and instead saw '!='               eqeqeq
  Line 74:92:    Expected '!==' and instead saw '!='               eqeqeq
  Line 74:115:   Expected '!==' and instead saw '!='               eqeqeq
  Line 77:70:    Expected '===' and instead saw '=='               eqeqeq
  Line 77:87:    Expected '===' and instead saw '=='               eqeqeq
  Line 77:105:   Expected '!==' and instead saw '!='               eqeqeq
  Line 77:128:   Expected '!==' and instead saw '!='               eqeqeq
  Line 79:92:    Expected '===' and instead saw '=='               eqeqeq
  Line 79:111:   Expected '!==' and instead saw '!='               eqeqeq
  Line 79:134:   Expected '!==' and instead saw '!='               eqeqeq
  Line 82:70:    Expected '===' and instead saw '=='               eqeqeq
  Line 82:89:    Expected '===' and instead saw '=='               eqeqeq
  Line 82:108:   Expected '!==' and instead saw '!='               eqeqeq
  Line 82:131:   Expected '!==' and instead saw '!='               eqeqeq
  Line 84:93:    Expected '===' and instead saw '=='               eqeqeq
  Line 84:112:   Expected '!==' and instead saw '!='               eqeqeq
  Line 84:135:   Expected '!==' and instead saw '!='               eqeqeq
  Line 87:35:    Expected '===' and instead saw '=='               eqeqeq
  Line 87:58:    Expected '===' and instead saw '=='               eqeqeq
  Line 90:40:    Expected '===' and instead saw '=='               eqeqeq
  Line 93:34:    Expected '===' and instead saw '=='               eqeqeq
  Line 100:35:   Expected '!==' and instead saw '!='               eqeqeq
  Line 100:58:   Expected '!==' and instead saw '!='               eqeqeq
  Line 103:35:   Expected '===' and instead saw '=='               eqeqeq
  Line 106:34:   Expected '===' and instead saw '=='               eqeqeq
  Line 107:35:   Expected '===' and instead saw '=='               eqeqeq
  Line 107:58:   Expected '===' and instead saw '=='               eqeqeq
  Line 110:40:   Expected '===' and instead saw '=='               eqeqeq
  Line 112:34:   Expected '===' and instead saw '=='               eqeqeq
  Line 122:25:   Expected '===' and instead saw '=='               eqeqeq
  Line 123:25:   Expected '===' and instead saw '=='               eqeqeq
  Line 124:25:   Expected '===' and instead saw '=='               eqeqeq
  Line 125:25:   Expected '===' and instead saw '=='               eqeqeq
  Line 125:42:   Expected '===' and instead saw '=='               eqeqeq
  Line 126:28:   Expected '===' and instead saw '=='               eqeqeq
  Line 127:27:   Expected '===' and instead saw '=='               eqeqeq
  Line 127:50:   Expected '===' and instead saw '=='               eqeqeq
  Line 128:28:   Expected '===' and instead saw '=='               eqeqeq
  Line 129:25:   Expected '!==' and instead saw '!='               eqeqeq
  Line 129:42:   Expected '!==' and instead saw '!='               eqeqeq
  Line 132:54:   Expected '===' and instead saw '=='               eqeqeq
  Line 133:25:   Expected '===' and instead saw '=='               eqeqeq
  Line 133:43:   Expected '===' and instead saw '=='               eqeqeq
  Line 141:25:   Expected '===' and instead saw '=='               eqeqeq
  Line 141:37:   Expected '===' and instead saw '=='               eqeqeq
  Line 142:25:   Expected '===' and instead saw '=='               eqeqeq
  Line 142:37:   Expected '===' and instead saw '=='               eqeqeq
  Line 143:25:   Expected '===' and instead saw '=='               eqeqeq
  Line 143:37:   Expected '===' and instead saw '=='               eqeqeq
  Line 144:26:   Expected '===' and instead saw '=='               eqeqeq
  Line 144:39:   Expected '===' and instead saw '=='               eqeqeq
  Line 145:26:   Expected '===' and instead saw '=='               eqeqeq
  Line 145:39:   Expected '===' and instead saw '=='               eqeqeq
  Line 146:25:   Expected '===' and instead saw '=='               eqeqeq
  Line 146:94:   Expected '===' and instead saw '=='               eqeqeq
  Line 147:30:   Expected '===' and instead saw '=='               eqeqeq
  Line 147:80:   Expected '===' and instead saw '=='               eqeqeq
  Line 147:100:  Expected '===' and instead saw '=='               eqeqeq
  Line 148:30:   Expected '===' and instead saw '=='               eqeqeq
  Line 148:99:   Expected '===' and instead saw '=='               eqeqeq
  Line 149:30:   Expected '===' and instead saw '=='               eqeqeq
  Line 149:80:   Expected '===' and instead saw '=='               eqeqeq
  Line 149:100:  Expected '===' and instead saw '=='               eqeqeq
  Line 150:30:   Expected '===' and instead saw '=='               eqeqeq
  Line 150:99:   Expected '===' and instead saw '=='               eqeqeq
  Line 151:30:   Expected '===' and instead saw '=='               eqeqeq
  Line 151:99:   Expected '===' and instead saw '=='               eqeqeq
  Line 153:47:   Expected '===' and instead saw '=='               eqeqeq
  Line 163:64:   Expected '===' and instead saw '=='               eqeqeq
  Line 186:61:   Expected '===' and instead saw '=='               eqeqeq
  Line 202:26:   Expected '!==' and instead saw '!='               eqeqeq
  Line 202:46:   Expected '!==' and instead saw '!='               eqeqeq
  Line 204:72:   Expected '===' and instead saw '=='               eqeqeq
  Line 221:11:   'keys' is assigned a value but never used         no-unused-vars
  Line 271:23:   Expected '!==' and instead saw '!='               eqeqeq
  Line 288:23:   Expected '!==' and instead saw '!='               eqeqeq
  Line 313:36:   Expected '===' and instead saw '=='               eqeqeq
  Line 321:19:   Expected '===' and instead saw '=='               eqeqeq
  Line 328:29:   Expected '===' and instead saw '=='               eqeqeq
  Line 348:21:   Expected '===' and instead saw '=='               eqeqeq
  Line 352:33:   Expected '===' and instead saw '=='               eqeqeq
  Line 353:33:   Expected '===' and instead saw '=='               eqeqeq
  Line 450:11:   'winRateList' is assigned a value but never used  no-unused-vars
  Line 464:25:   Expected '===' and instead saw '=='               eqeqeq
  Line 466:33:   Expected '===' and instead saw '=='               eqeqeq
  Line 467:33:   Expected '===' and instead saw '=='               eqeqeq
  Line 477:34:   Expected '===' and instead saw '=='               eqeqeq
  Line 479:37:   Expected '===' and instead saw '=='               eqeqeq
  Line 480:37:   Expected '===' and instead saw '=='               eqeqeq
  Line 483:31:   Expected '===' and instead saw '=='               eqeqeq
  Line 493:37:   Expected '===' and instead saw '=='               eqeqeq
  Line 494:37:   Expected '===' and instead saw '=='               eqeqeq
  Line 499:27:   'minID' is assigned a value but never used        no-unused-vars
  Line 501:29:   Expected '===' and instead saw '=='               eqeqeq
  Line 501:43:   Expected '===' and instead saw '=='               eqeqeq
  Line 502:55:   Expected '!==' and instead saw '!='               eqeqeq
  Line 503:29:   Expected '===' and instead saw '=='               eqeqeq
  Line 508:32:   Expected '===' and instead saw '=='               eqeqeq
  Line 551:37:   Expected '===' and instead saw '=='               eqeqeq
  Line 567:24:   Expected '===' and instead saw '=='               eqeqeq
  Line 584:15:   'scores' is assigned a value but never used       no-unused-vars
  Line 585:15:   'opponent' is assigned a value but never used     no-unused-vars
  Line 586:15:   'oppoScores' is assigned a value but never used   no-unused-vars
  Line 589:25:   'NFLName' is assigned a value but never used      no-unused-vars
  Line 589:33:   'actual' is assigned a value but never used       no-unused-vars
  Line 589:40:   'projected' is assigned a value but never used    no-unused-vars
  Line 589:59:   'nflTeam' is assigned a value but never used      no-unused-vars
  Line 590:20:   Expected '!==' and instead saw '!='               eqeqeq
  Line 593:23:   Expected '===' and instead saw '=='               eqeqeq
  Line 595:20:   Expected '===' and instead saw '=='               eqeqeq
  Line 595:33:   Expected '===' and instead saw '=='               eqeqeq
  Line 597:23:   Expected '!==' and instead saw '!='               eqeqeq
  Line 602:31:   Expected '===' and instead saw '=='               eqeqeq
  Line 639:15:   'scores' is assigned a value but never used       no-unused-vars
  Line 640:15:   'opponent' is assigned a value but never used     no-unused-vars
  Line 641:15:   'oppoScores' is assigned a value but never used   no-unused-vars
  Line 650:33:   'actual' is assigned a value but never used       no-unused-vars
  Line 650:40:   'projected' is assigned a value but never used    no-unused-vars
  Line 650:55:   'pos' is assigned a value but never used          no-unused-vars
  Line 650:59:   'nflTeam' is assigned a value but never used      no-unused-vars
  Line 653:19:   'outcome' is assigned a value but never used      no-unused-vars
  Line 657:20:   Expected '===' and instead saw '=='               eqeqeq
  Line 662:66:   Expected '!==' and instead saw '!='               eqeqeq
  Line 662:81:   Expected '!==' and instead saw '!='               eqeqeq
  Line 662:93:   Expected '!==' and instead saw '!='               eqeqeq
  Line 662:107:  Expected '!==' and instead saw '!='               eqeqeq
  Line 690:28:   Expected '===' and instead saw '=='               eqeqeq
  Line 695:33:   Expected '===' and instead saw '=='               eqeqeq
  Line 695:63:   Expected '===' and instead saw '=='               eqeqeq
  Line 696:21:   'value' is defined but never used                 no-unused-vars
  Line 697:37:   Expected '===' and instead saw '=='               eqeqeq
  Line 698:61:   Expected '===' and instead saw '=='               eqeqeq
  Line 699:127:  Expected '!==' and instead saw '!='               eqeqeq
  Line 711:61:   Expected '===' and instead saw '=='               eqeqeq
  Line 712:121:  Expected '!==' and instead saw '!='               eqeqeq
  Line 730:61:   Expected '===' and instead saw '=='               eqeqeq
  Line 730:77:   Expected '===' and instead saw '=='               eqeqeq
  Line 740:24:   Expected '===' and instead saw '=='               eqeqeq

src\tools\calculations\player\getTeamAwards.js
  Line 21:33:   Expected '!==' and instead saw '!='                      eqeqeq
  Line 21:50:   Expected '!==' and instead saw '!='                      eqeqeq
  Line 41:16:   Expected '===' and instead saw '=='                      eqeqeq
  Line 43:44:   Expected '===' and instead saw '=='                      eqeqeq
  Line 65:19:   'oppoBestProj' is assigned a value but never used        no-unused-vars
  Line 66:19:   'oppoBestProjActual' is assigned a value but never used  no-unused-vars
  Line 69:78:   Expected '===' and instead saw '=='                      eqeqeq
  Line 70:67:   Expected '===' and instead saw '=='                      eqeqeq
  Line 71:75:   Expected '===' and instead saw '=='                      eqeqeq
  Line 163:21:  Expected '!==' and instead saw '!='                      eqeqeq
  Line 169:29:  Expected '!==' and instead saw '!='                      eqeqeq

src\tools\calculations\player\updateNewYearlyAwards.js
  Line 18:93:  Unexpected string concatenation of literals  no-useless-concat
  Line 19:80:  Unexpected string concatenation of literals  no-useless-concat
  Line 20:82:  Unexpected string concatenation of literals  no-useless-concat
  Line 21:81:  Unexpected string concatenation of literals  no-useless-concat
  Line 22:83:  Unexpected string concatenation of literals  no-useless-concat
  Line 31:64:  Expected '===' and instead saw '=='          eqeqeq

src\tools\calculations\raw2year\getYearStats.js
  Line 8:11:     'teams' is assigned a value but never used        no-unused-vars
  Line 30:29:    Expected '===' and instead saw '=='               eqeqeq
  Line 89:14:    Expected '!==' and instead saw '!='               eqeqeq
  Line 89:27:    Expected '!==' and instead saw '!='               eqeqeq
  Line 95:14:    Expected '!==' and instead saw '!='               eqeqeq
  Line 96:18:    Expected '!==' and instead saw '!='               eqeqeq
  Line 96:33:    Expected '!==' and instead saw '!='               eqeqeq
  Line 98:18:    Expected '===' and instead saw '=='               eqeqeq
  Line 99:16:    Expected '===' and instead saw '=='               eqeqeq
  Line 99:28:    Expected '===' and instead saw '=='               eqeqeq
  Line 102:18:   Expected '!==' and instead saw '!='               eqeqeq
  Line 108:16:   Expected '!==' and instead saw '!='               eqeqeq
  Line 109:20:   Expected '===' and instead saw '=='               eqeqeq
  Line 128:18:   Expected '!==' and instead saw '!='               eqeqeq
  Line 134:25:   Expected '===' and instead saw '=='               eqeqeq
  Line 143:22:   Expected '!==' and instead saw '!='               eqeqeq
  Line 145:26:   Expected '===' and instead saw '=='               eqeqeq
  Line 146:28:   Expected '===' and instead saw '=='               eqeqeq
  Line 154:28:   Expected '===' and instead saw '=='               eqeqeq
  Line 158:26:   Expected '===' and instead saw '=='               eqeqeq
  Line 159:32:   Expected '===' and instead saw '=='               eqeqeq
  Line 164:32:   Expected '===' and instead saw '=='               eqeqeq
  Line 186:29:   Expected '===' and instead saw '=='               eqeqeq
  Line 188:30:   Expected '===' and instead saw '=='               eqeqeq
  Line 194:29:   Expected '===' and instead saw '=='               eqeqeq
  Line 200:32:   Expected '===' and instead saw '=='               eqeqeq
  Line 200:43:   Expected '===' and instead saw '=='               eqeqeq
  Line 200:88:   Expected '===' and instead saw '=='               eqeqeq
  Line 200:99:   Expected '===' and instead saw '=='               eqeqeq
  Line 202:33:   Expected '===' and instead saw '=='               eqeqeq
  Line 204:36:   Expected '===' and instead saw '=='               eqeqeq
  Line 206:34:   Expected '===' and instead saw '=='               eqeqeq
  Line 208:36:   Expected '===' and instead saw '=='               eqeqeq
  Line 238:18:   Expected '!==' and instead saw '!='               eqeqeq
  Line 238:35:   Expected '!==' and instead saw '!='               eqeqeq
  Line 238:50:   Expected '!==' and instead saw '!='               eqeqeq
  Line 238:64:   Expected '!==' and instead saw '!='               eqeqeq
  Line 238:112:  Expected '===' and instead saw '=='               eqeqeq
  Line 247:19:   Expected '===' and instead saw '=='               eqeqeq
  Line 250:17:   's2' is assigned a value but never used           no-unused-vars
  Line 259:20:   Expected '===' and instead saw '=='               eqeqeq
  Line 259:40:   Expected '===' and instead saw '=='               eqeqeq
  Line 260:20:   Expected '===' and instead saw '=='               eqeqeq
  Line 260:31:   Expected '===' and instead saw '=='               eqeqeq
  Line 261:20:   Expected '===' and instead saw '=='               eqeqeq
  Line 262:20:   Expected '===' and instead saw '=='               eqeqeq
  Line 263:20:   Expected '===' and instead saw '=='               eqeqeq
  Line 263:31:   Expected '===' and instead saw '=='               eqeqeq
  Line 264:20:   Expected '===' and instead saw '=='               eqeqeq
  Line 264:39:   Expected '===' and instead saw '=='               eqeqeq
  Line 267:25:   Expected '===' and instead saw '=='               eqeqeq
  Line 271:17:   'out' is assigned a value but never used          no-unused-vars
  Line 274:11:   'postProcess' is assigned a value but never used  no-unused-vars
  Line 299:21:   Expected '===' and instead saw '=='               eqeqeq
  Line 307:21:   Expected '===' and instead saw '=='               eqeqeq
  Line 313:34:   Expected '!==' and instead saw '!='               eqeqeq

src\tools\calculations\raw2year\getYearStatsProj.js
  Line 2:26:    'UnpackRawLine' is defined but never used         no-unused-vars
  Line 31:13:   Expected '===' and instead saw '=='               eqeqeq
  Line 32:13:   Expected '===' and instead saw '=='               eqeqeq
  Line 33:13:   Expected '===' and instead saw '=='               eqeqeq
  Line 34:13:   Expected '===' and instead saw '=='               eqeqeq
  Line 35:13:   Expected '===' and instead saw '=='               eqeqeq
  Line 36:13:   Expected '===' and instead saw '=='               eqeqeq
  Line 37:13:   Expected '===' and instead saw '=='               eqeqeq
  Line 38:13:   Expected '===' and instead saw '=='               eqeqeq
  Line 39:13:   Expected '===' and instead saw '=='               eqeqeq
  Line 40:13:   Expected '===' and instead saw '=='               eqeqeq
  Line 41:13:   Expected '===' and instead saw '=='               eqeqeq
  Line 42:13:   Expected '===' and instead saw '=='               eqeqeq
  Line 43:13:   Expected '===' and instead saw '=='               eqeqeq
  Line 47:24:   Expected '===' and instead saw '=='               eqeqeq
  Line 50:24:   Expected '===' and instead saw '=='               eqeqeq
  Line 53:14:   'Compare' is defined but never used               no-unused-vars
  Line 54:20:   Expected '===' and instead saw '=='               eqeqeq
  Line 75:19:   'name' is assigned a value but never used         no-unused-vars
  Line 95:21:   'NFLName' is assigned a value but never used      no-unused-vars
  Line 95:29:   'actual' is assigned a value but never used       no-unused-vars
  Line 95:51:   'pos' is assigned a value but never used          no-unused-vars
  Line 95:55:   'nflTeam' is assigned a value but never used      no-unused-vars
  Line 98:35:   Expected '===' and instead saw '=='               eqeqeq
  Line 99:16:   Expected '!==' and instead saw '!='               eqeqeq
  Line 99:31:   Expected '!==' and instead saw '!='               eqeqeq
  Line 105:24:  Expected '===' and instead saw '=='               eqeqeq
  Line 105:41:  Expected '===' and instead saw '=='               eqeqeq
  Line 118:32:  Expected '===' and instead saw '=='               eqeqeq
  Line 125:32:  Expected '===' and instead saw '=='               eqeqeq
  Line 128:19:  'gamesPlayed' is assigned a value but never used  no-unused-vars
  Line 134:46:  Expected '===' and instead saw '=='               eqeqeq

src\tools\calculations\sum2overall\fiddleRosterAwards.js
  Line 91:23:  Expected '!==' and instead saw '!='  eqeqeq

src\tools\calculations\sum2overall\getAwardsProj.js
  Line 32:11:  'smallList' is assigned a value but never used     no-unused-vars
  Line 34:11:  'noMetaList' is assigned a value but never used    no-unused-vars
  Line 35:11:  'personalList' is assigned a value but never used  no-unused-vars
  Line 42:48:  Expected '!==' and instead saw '!='                eqeqeq
  Line 50:53:  Expected '===' and instead saw '=='                eqeqeq
  Line 52:63:  Expected '===' and instead saw '=='                eqeqeq
  Line 56:33:  Expected '!==' and instead saw '!='                eqeqeq
  Line 76:23:  Expected '!==' and instead saw '!='                eqeqeq

src\tools\calculations\sum2overall\getGameAwards.js
  Line 39:20:   Expected '!==' and instead saw '!='  eqeqeq
  Line 39:32:   Expected '!==' and instead saw '!='  eqeqeq
  Line 47:22:   Expected '!==' and instead saw '!='  eqeqeq
  Line 47:37:   Expected '!==' and instead saw '!='  eqeqeq
  Line 48:26:   Expected '===' and instead saw '=='  eqeqeq
  Line 60:34:   Expected '===' and instead saw '=='  eqeqeq
  Line 65:30:   Expected '===' and instead saw '=='  eqeqeq
  Line 66:30:   Expected '===' and instead saw '=='  eqeqeq
  Line 67:30:   Expected '===' and instead saw '=='  eqeqeq
  Line 68:30:   Expected '===' and instead saw '=='  eqeqeq
  Line 88:34:   Expected '===' and instead saw '=='  eqeqeq
  Line 92:21:   'value' is defined but never used    no-unused-vars
  Line 93:21:   'owner' is defined but never used    no-unused-vars
  Line 105:23:  Expected '!==' and instead saw '!='  eqeqeq
  Line 110:9:   'meta' is defined but never used     no-unused-vars

src\tools\calculations\sum2overall\getNameAwards.js
  Line 1:10:   'DictRanks' is defined but never used  no-unused-vars
  Line 63:17:  'value' is defined but never used      no-unused-vars
  Line 64:23:  Expected '===' and instead saw '=='    eqeqeq
  Line 68:28:  Expected '===' and instead saw '=='    eqeqeq

src\tools\calculations\sum2overall\getNameYearAwards.js
  Line 33:23:  'ind' is assigned a value but never used  no-unused-vars
  Line 35:99:  Expected '===' and instead saw '=='       eqeqeq
  Line 37:28:  Expected '===' and instead saw '=='       eqeqeq
  Line 40:25:  Expected '===' and instead saw '=='       eqeqeq
  Line 40:40:  Expected '===' and instead saw '=='       eqeqeq
  Line 40:53:  Expected '===' and instead saw '=='       eqeqeq
  Line 41:51:  Expected '===' and instead saw '=='       eqeqeq
  Line 41:64:  Expected '===' and instead saw '=='       eqeqeq
  Line 44:52:  Expected '===' and instead saw '=='       eqeqeq
  Line 44:66:  Expected '===' and instead saw '=='       eqeqeq
  Line 52:19:  Expected '!==' and instead saw '!='       eqeqeq

src\tools\calculations\sum2overall\getOverallStats.js
  Line 8:9:     'overallAwards' is assigned a value but never used  no-unused-vars
  Line 50:38:   Expected '!==' and instead saw '!='                 eqeqeq
  Line 56:51:   Expected '!==' and instead saw '!='                 eqeqeq
  Line 56:90:   Expected '!==' and instead saw '!='                 eqeqeq
  Line 60:38:   Expected '!==' and instead saw '!='                 eqeqeq
  Line 63:20:   Expected '===' and instead saw '=='                 eqeqeq
  Line 67:42:   Expected '!==' and instead saw '!='                 eqeqeq
  Line 67:77:   Expected '!==' and instead saw '!='                 eqeqeq
  Line 98:36:   Expected '===' and instead saw '=='                 eqeqeq
  Line 109:45:  Expected '!==' and instead saw '!='                 eqeqeq
  Line 113:27:  Expected '===' and instead saw '=='                 eqeqeq
  Line 113:48:  Expected '===' and instead saw '=='                 eqeqeq
  Line 113:69:  Expected '===' and instead saw '=='                 eqeqeq
  Line 113:90:  Expected '===' and instead saw '=='                 eqeqeq
  Line 114:27:  Expected '===' and instead saw '=='                 eqeqeq
  Line 114:48:  Expected '===' and instead saw '=='                 eqeqeq
  Line 114:69:  Expected '===' and instead saw '=='                 eqeqeq
  Line 115:27:  Expected '===' and instead saw '=='                 eqeqeq
  Line 115:48:  Expected '===' and instead saw '=='                 eqeqeq
  Line 116:42:  Expected '===' and instead saw '=='                 eqeqeq
  Line 116:75:  Expected '===' and instead saw '=='                 eqeqeq
  Line 124:43:  Expected '===' and instead saw '=='                 eqeqeq

src\tools\calculations\sum2overall\getOverallStatsProj.js
  Line 5:9:    'awards' is assigned a value but never used   no-unused-vars
  Line 11:11:  'minKeys' is assigned a value but never used  no-unused-vars
  Line 15:44:  Expected '!==' and instead saw '!='           eqeqeq

src\tools\calculations\sum2overall\getWeekAwards.js
  Line 25:23:  Expected '!==' and instead saw '!='  eqeqeq

src\tools\calculations\sum2overall\getYearAwards.js
  Line 24:23:  Expected '!==' and instead saw '!='  eqeqeq

src\tools\calculations\year2sum\yearAwards.js
  Line 1:28:   'DictSum' is defined but never used  no-unused-vars
  Line 10:15:  Expected '!==' and instead saw '!='  eqeqeq
  Line 10:38:  Expected '!==' and instead saw '!='  eqeqeq
  Line 33:30:  Expected '===' and instead saw '=='  eqeqeq
  Line 34:35:  Expected '===' and instead saw '=='  eqeqeq

src\tools\outputs\draftReview.js
  Line 20:89:   Expected '===' and instead saw '=='  eqeqeq
  Line 78:45:   Expected '===' and instead saw '=='  eqeqeq
  Line 101:49:  Expected '===' and instead saw '=='  eqeqeq
  Line 101:81:  Expected '===' and instead saw '=='  eqeqeq

src\tools\outputs\fantasyTeams.js
  Line 20:21:  Expected '!==' and instead saw '!='  eqeqeq
  Line 20:39:  Expected '!==' and instead saw '!='  eqeqeq
  Line 29:11:  Expected '===' and instead saw '=='  eqeqeq
  Line 32:21:  Expected '!==' and instead saw '!='  eqeqeq
  Line 32:39:  Expected '!==' and instead saw '!='  eqeqeq
  Line 43:17:  Expected '!==' and instead saw '!='  eqeqeq
  Line 43:35:  Expected '!==' and instead saw '!='  eqeqeq

src\tools\outputs\matchupTable.js
  Line 20:16:  Expected '===' and instead saw '=='  eqeqeq
  Line 28:17:  Expected '===' and instead saw '=='  eqeqeq
  Line 30:21:  Expected '!==' and instead saw '!='  eqeqeq
  Line 30:35:  Expected '!==' and instead saw '!='  eqeqeq
  Line 32:21:  Expected '===' and instead saw '=='  eqeqeq
  Line 34:21:  Expected '===' and instead saw '=='  eqeqeq

src\tools\outputs\misc\chart.js
  Line 2:10:    'LineChart' is defined but never used                                                                      no-unused-vars
  Line 2:21:    'Line' is defined but never used                                                                           no-unused-vars
  Line 2:65:    'BarChart' is defined but never used                                                                       no-unused-vars
  Line 2:75:    'Legend' is defined but never used                                                                         no-unused-vars
  Line 2:83:    'Bar' is defined but never used                                                                            no-unused-vars
  Line 53:15:   React Hook useEffect has a missing dependency: 'sortBy'. Either include it or remove the dependency array  react-hooks/exhaustive-deps
  Line 127:22:  'generateTicks' is defined but never used                                                                  no-unused-vars
  Line 134:27:  'tick' is assigned a value but never used                                                                  no-unused-vars
  Line 223:36:  Expected '===' and instead saw '=='                                                                        eqeqeq
  Line 223:54:  Expected '!==' and instead saw '!='                                                                        eqeqeq
  Line 224:36:  Expected '!==' and instead saw '!='                                                                        eqeqeq
  Line 224:54:  Expected '===' and instead saw '=='                                                                        eqeqeq
  Line 225:37:  Expected '===' and instead saw '=='                                                                        eqeqeq
  Line 225:59:  Expected '===' and instead saw '=='                                                                        eqeqeq
  Line 226:60:  Expected '===' and instead saw '=='                                                                        eqeqeq
  Line 226:81:  Expected '===' and instead saw '=='                                                                        eqeqeq

src\tools\outputs\misc\misc.js
  Line 59:105:  Unreachable code  no-unreachable

src\tools\outputs\misc\zoom copy.js
  Line 12:10:  'origin' is assigned a value but never used                                                                                                                                                                                        no-unused-vars
  Line 54:6:   React Hook useCallback has a missing dependency: 'setScale'. Either include it or remove the dependency array. If 'setScale' changes too often, find the parent component that defines it and wrap that definition in useCallback  react-hooks/exhaustive-deps
  Line 93:1:   Block is redundant                                                                                                                                                                                                                 no-lone-blocks

src\tools\outputs\playerTable.js
  Line 1:10:   'useEffect' is defined but never used  no-unused-vars
  Line 51:21:  Expected '!==' and instead saw '!='    eqeqeq

src\tools\outputs\recordTable.js
  Line 9:10:     'arraysEqual' is defined but never used                                                                                     no-unused-vars
  Line 27:11:    'chartData' is assigned a value but never used                                                                              no-unused-vars
  Line 64:7:     React Hook useEffect has missing dependencies: 'scale' and 'scrollRef'. Either include them or remove the dependency array  react-hooks/exhaustive-deps
  Line 114:24:   Expected '===' and instead saw '=='                                                                                         eqeqeq
  Line 118:29:   Expected '===' and instead saw '=='                                                                                         eqeqeq
  Line 118:45:   Expected '===' and instead saw '=='                                                                                         eqeqeq
  Line 122:29:   Expected '===' and instead saw '=='                                                                                         eqeqeq
  Line 125:29:   Expected '===' and instead saw '=='                                                                                         eqeqeq
  Line 126:29:   Expected '===' and instead saw '=='                                                                                         eqeqeq
  Line 126:49:   Expected '===' and instead saw '=='                                                                                         eqeqeq
  Line 136:20:   Expected '===' and instead saw '=='                                                                                         eqeqeq
  Line 142:28:   Expected '===' and instead saw '=='                                                                                         eqeqeq
  Line 145:39:   Expected '===' and instead saw '=='                                                                                         eqeqeq
  Line 146:44:   Expected '===' and instead saw '=='                                                                                         eqeqeq
  Line 146:67:   Expected '===' and instead saw '=='                                                                                         eqeqeq
  Line 149:35:   Expected '===' and instead saw '=='                                                                                         eqeqeq
  Line 156:32:   Expected '===' and instead saw '=='                                                                                         eqeqeq
  Line 157:37:   Expected '===' and instead saw '=='                                                                                         eqeqeq
  Line 157:57:   Expected '===' and instead saw '=='                                                                                         eqeqeq
  Line 169:16:   Expected '===' and instead saw '=='                                                                                         eqeqeq
  Line 177:23:   Expected '===' and instead saw '=='                                                                                         eqeqeq
  Line 182:50:   Expected '===' and instead saw '=='                                                                                         eqeqeq
  Line 189:153:  Expected '===' and instead saw '=='                                                                                         eqeqeq
  Line 191:79:   Expected '===' and instead saw '=='                                                                                         eqeqeq
  Line 191:109:  Expected '===' and instead saw '=='                                                                                         eqeqeq
  Line 192:79:   Expected '===' and instead saw '=='                                                                                         eqeqeq
  Line 192:109:  Expected '===' and instead saw '=='                                                                                         eqeqeq
  Line 193:45:   Expected '!==' and instead saw '!='                                                                                         eqeqeq
  Line 249:13:   Duplicate key 'backgroundColor'                                                                                             no-dupe-keys
  Line 251:13:   Duplicate key 'padding'                                                                                                     no-dupe-keys
  Line 253:13:   Duplicate key 'boxShadow'                                                                                                   no-dupe-keys

src\tools\outputs\summaryTable.js
  Line 25:16:  Expected '===' and instead saw '=='  eqeqeq
  Line 26:38:  Expected '===' and instead saw '=='  eqeqeq
  Line 35:15:  Expected '===' and instead saw '=='  eqeqeq
  Line 36:15:  Expected '===' and instead saw '=='  eqeqeq
  Line 46:20:  Expected '===' and instead saw '=='  eqeqeq
  Line 47:42:  Expected '===' and instead saw '=='  eqeqeq
  Line 50:19:  Expected '===' and instead saw '=='  eqeqeq
  Line 53:24:  Expected '===' and instead saw '=='  eqeqeq
  Line 53:38:  Expected '===' and instead saw '=='  eqeqeq
  Line 82:5:   Nested block is redundant            no-lone-blocks

src\tools\outputs\weeklyReview.js
  Line 3:10:     'expandProj' is defined but never used                                        no-unused-vars
  Line 38:48:    Expected '===' and instead saw '=='                                           eqeqeq
  Line 40:104:   Expected '===' and instead saw '=='                                           eqeqeq
  Line 41:112:   Expected '===' and instead saw '=='                                           eqeqeq
  Line 42:99:    Expected '===' and instead saw '=='                                           eqeqeq
  Line 43:112:   Expected '===' and instead saw '=='                                           eqeqeq
  Line 44:99:    Expected '===' and instead saw '=='                                           eqeqeq
  Line 45:110:   Expected '===' and instead saw '=='                                           eqeqeq
  Line 46:100:   Expected '===' and instead saw '=='                                           eqeqeq
  Line 47:100:   Expected '===' and instead saw '=='                                           eqeqeq
  Line 48:102:   Expected '===' and instead saw '=='                                           eqeqeq
  Line 49:73:    Expected '===' and instead saw '=='                                           eqeqeq
  Line 62:15:    Expected '===' and instead saw '=='                                           eqeqeq
  Line 63:15:    Expected '===' and instead saw '=='                                           eqeqeq
  Line 64:15:    Expected '===' and instead saw '=='                                           eqeqeq
  Line 80:33:    Function declared in a loop contains unsafe references to variable(s) 'name'  no-loop-func
  Line 81:19:    'oppoScore' is assigned a value but never used                                no-unused-vars
  Line 88:103:   Function declared in a loop contains unsafe references to variable(s) 'name'  no-loop-func
  Line 100:133:  Function declared in a loop contains unsafe references to variable(s) 'name'  no-loop-func
  Line 108:106:  Expected '===' and instead saw '=='                                           eqeqeq
  Line 110:48:   Function declared in a loop contains unsafe references to variable(s) 'name'  no-loop-func
  Line 111:52:   Function declared in a loop contains unsafe references to variable(s) 'oppo'  no-loop-func
  Line 112:73:   Expected '===' and instead saw '=='                                           eqeqeq

src\tools\outputs\yearlyAwardTable.js
  Line 17:15:  Expected '===' and instead saw '=='  eqeqeq

src\tools\outputs\yearlyReview.js
  Line 3:17:   'UnpackRawLine' is defined but never used  no-unused-vars
  Line 23:66:  Expected '!==' and instead saw '!='        eqeqeq
  Line 38:59:  Expected '===' and instead saw '=='        eqeqeq
  Line 44:66:  Expected '===' and instead saw '=='        eqeqeq
  Line 73:66:  Expected '===' and instead saw '=='        eqeqeq
  Line 75:55:  Expected '===' and instead saw '=='        eqeqeq

Search for the keywords to learn more about each warning.
To ignore, add // eslint-disable-next-line to the line before.

File sizes after gzip:

  950.87 kB  build\static\js\main.6b466773.js
  1.77 kB    build\static\js\453.358485e0.chunk.js
  1.51 kB    build\static\css\main.c5f5378c.css

The bundle size is significantly larger than recommended.
Consider reducing it with code splitting: https://goo.gl/9VhYWB
You can also analyze the project dependencies: https://goo.gl/LeUzfb

The project was built assuming it is hosted at /.
You can control this with the homepage field in your package.json.

The build folder is ready to be deployed.
You may serve it with a static server:

  npm install -g serve
  serve -s build

Find out more about deployment here:

  https://cra.link/deployment

